========================================================================================
ER TRANSFORMER REPRODUCTION
========================================================================================
Project root : /home/ahmeda/ER_Transformer_Reproducible_RUN
Python       : /home/ahmeda/er_transformer_fulltest_venv/bin/python
GPU          : 0
Stages       : 1
Mode         : EXECUTE

Execution plan:
  01. nested-bias-aggregate
      /home/ahmeda/er_transformer_fulltest_venv/bin/python /home/ahmeda/ER_Transformer_Reproducible_RUN/scripts/analysis22_section332_bias.py --phase aggregate

========================================================================================
STAGE: nested-bias-aggregate
========================================================================================
Aggregate the original Analysis 22 cells required by the direct-score reconstruction.

/home/ahmeda/er_transformer_fulltest_venv/bin/python /home/ahmeda/ER_Transformer_Reproducible_RUN/scripts/analysis22_section332_bias.py --phase aggregate

Section 3.3.2 bias aggregate
==============================================================================================================
dataset   f        scheme  target_FLR_mean  bias_FLR_mean  bias_FLR_SE  target_MMR_mean  bias_MMR_mean  bias_MMR_SE  n_splits
   DBLP 0.5  SRSWOR_65_35         0.018304       0.001192     0.002817         0.008117      -0.002441     0.001179        10
   DBLP 0.5 bootstrap_OOB         0.018304       0.001783     0.002120         0.008117       0.003328     0.001472        10
   DBLP 0.6  SRSWOR_65_35         0.018457       0.006247     0.003365         0.008295      -0.001978     0.001929        10
   DBLP 0.6 bootstrap_OOB         0.018457       0.003492     0.002992         0.008295      -0.001839     0.001975        10
   DBLP 0.7  SRSWOR_65_35         0.013289       0.006034     0.003499         0.010913      -0.003320     0.002013        10
   DBLP 0.7 bootstrap_OOB         0.013289       0.010538     0.003303         0.010913      -0.001160     0.001479        10
   DBLP 0.8  SRSWOR_65_35         0.015924       0.002442     0.003796         0.010575       0.000267     0.002080        10
   DBLP 0.8 bootstrap_OOB         0.015924       0.008632     0.004218         0.010575      -0.004928     0.002136        10
   DBLP 0.9  SRSWOR_65_35         0.015823       0.002058     0.004014         0.010784      -0.001435     0.002063        10
   DBLP 0.9 bootstrap_OOB         0.015823       0.004404     0.002283         0.010784      -0.001659     0.001865        10
   ECOM 0.5  SRSWOR_65_35         0.037738       0.002104     0.003468         0.132163       0.001700     0.014992        10
   ECOM 0.5 bootstrap_OOB         0.037738       0.002701     0.005791         0.132163       0.001930     0.007663        10
   ECOM 0.6  SRSWOR_65_35         0.035408      -0.001927     0.006594         0.133487       0.015411     0.013995        10
   ECOM 0.6 bootstrap_OOB         0.035408       0.004517     0.007335         0.133487      -0.008841     0.014141        10
   ECOM 0.7  SRSWOR_65_35         0.032048       0.005039     0.008677         0.131077      -0.009190     0.013234        10
   ECOM 0.7 bootstrap_OOB         0.032048       0.007042     0.006582         0.131077       0.003337     0.016041        10
   ECOM 0.8  SRSWOR_65_35         0.031711       0.003762     0.005116         0.145161      -0.014138     0.017102        10
   ECOM 0.8 bootstrap_OOB         0.031711       0.002133     0.004038         0.145161      -0.011705     0.010003        10
   ECOM 0.9  SRSWOR_65_35         0.031226       0.003500     0.006225         0.115596       0.016368     0.014276        10
   ECOM 0.9 bootstrap_OOB         0.031226       0.003285     0.004868         0.115596       0.016996     0.014200        10

Sample sizes
==============================================================================================================
dataset   f        scheme  outer_labelled_size  outer_holdout_size  inner_train_draw_mean  inner_train_unique_mean  inner_test_mean  inner_test_sd  inner_test_min  inner_test_max  n_splits
   DBLP 0.5  SRSWOR_65_35                 1308                1308                  850.0                    850.0            458.0       0.000000             458             458        10
   DBLP 0.5 bootstrap_OOB                 1308                1308                 1308.0                    833.9            474.1      12.661841             451             491        10
   DBLP 0.6  SRSWOR_65_35                 1569                1047                 1019.0                   1019.0            550.0       0.000000             550             550        10
   DBLP 0.6 bootstrap_OOB                 1569                1047                 1569.0                    996.3            572.7      12.037442             548             592        10
   DBLP 0.7  SRSWOR_65_35                 1831                 785                 1190.0                   1190.0            641.0       0.000000             641             641        10
   DBLP 0.7 bootstrap_OOB                 1831                 785                 1831.0                   1161.8            669.2      14.389811             642             698        10
   DBLP 0.8  SRSWOR_65_35                 2092                 524                 1359.0                   1359.0            733.0       0.000000             733             733        10
   DBLP 0.8 bootstrap_OOB                 2092                 524                 2092.0                   1324.2            767.8      19.326436             747             795        10
   DBLP 0.9  SRSWOR_65_35                 2354                 262                 1530.0                   1530.0            824.0       0.000000             824             824        10
   DBLP 0.9 bootstrap_OOB                 2354                 262                 2354.0                   1489.5            864.5      20.554805             839             891        10
   ECOM 0.5  SRSWOR_65_35                  540                 541                  351.0                    351.0            189.0       0.000000             189             189        10
   ECOM 0.5 bootstrap_OOB                  540                 541                  540.0                    347.1            192.9       6.505553             182             207        10
   ECOM 0.6  SRSWOR_65_35                  648                 433                  421.0                    421.0            227.0       0.000000             227             227        10
   ECOM 0.6 bootstrap_OOB                  648                 433                  648.0                    414.6            233.4       8.085653             224             251        10
   ECOM 0.7  SRSWOR_65_35                  756                 325                  491.0                    491.0            265.0       0.000000             265             265        10
   ECOM 0.7 bootstrap_OOB                  756                 325                  756.0                    481.3            274.7       9.189970             263             291        10
   ECOM 0.8  SRSWOR_65_35                  864                 217                  561.0                    561.0            303.0       0.000000             303             303        10
   ECOM 0.8 bootstrap_OOB                  864                 217                  864.0                    550.7            313.3       9.214120             301             330        10
   ECOM 0.9  SRSWOR_65_35                  972                 109                  631.0                    631.0            341.0       0.000000             341             341        10
   ECOM 0.9 bootstrap_OOB                  972                 109                  972.0                    618.0            354.0      10.913804             342             376        10

Saved:
  /home/ahmeda/ER_Transformer_Reproducible_RUN/results/analysis22_section332_bias_perseed.csv
  /home/ahmeda/ER_Transformer_Reproducible_RUN/results/analysis22_section332_bias_aggregate.csv
  MC10: written: /home/ahmeda/ER_Transformer_Reproducible_RUN/results/analysis22_section332_bias_mc10.csv
  /home/ahmeda/ER_Transformer_Reproducible_RUN/results/analysis22_section332_sample_sizes.csv
  /home/ahmeda/ER_Transformer_Reproducible_RUN/results/analysis22_section332_manifest.json

========================================================================================
REPRODUCTION COMPLETE
========================================================================================
Results      : /home/ahmeda/ER_Transformer_Reproducible_RUN/results
Run manifest : /home/ahmeda/ER_Transformer_Reproducible_RUN/reproduced/reproduction_run.json
